12:41:57 **** Build of project night_target_detect_bsp ****
make -k all 
"Running Make include in ps7_cortexa9_0/libsrc/axivdma_v6_6/src"
D:/Vivado2018/SDK/2018.3/gnuwin/bin/make -C ps7_cortexa9_0/libsrc/axivdma_v6_6/src -s include  "SHELL=CMD" "COMPILER=arm-none-eabi-gcc" "ARCHIVER=arm-none-eabi-ar" "COMPILER_FLAGS=  -O2 -c" "EXTRA_COMPILER_FLAGS=-mcpu=cortex-a9 -mfpu=vfpv3 -mfloat-abi=hard -nostartfiles -g -Wall -Wextra"
"Running Make include in ps7_cortexa9_0/libsrc/coresightps_dcc_v1_4/src"
D:/Vivado2018/SDK/2018.3/gnuwin/bin/make -C ps7_cortexa9_0/libsrc/coresightps_dcc_v1_4/src -s include  "SHELL=CMD" "COMPILER=arm-none-eabi-gcc" "ARCHIVER=arm-none-eabi-ar" "COMPILER_FLAGS=  -O2 -c" "EXTRA_COMPILER_FLAGS=-mcpu=cortex-a9 -mfpu=vfpv3 -mfloat-abi=hard -nostartfiles -g -Wall -Wextra"
"Running Make include in ps7_cortexa9_0/libsrc/cpu_cortexa9_v2_7/src"
D:/Vivado2018/SDK/2018.3/gnuwin/bin/make -C ps7_cortexa9_0/libsrc/cpu_cortexa9_v2_7/src -s include  "SHELL=CMD" "COMPILER=arm-none-eabi-gcc" "ARCHIVER=arm-none-eabi-ar" "COMPILER_FLAGS=  -O2 -c" "EXTRA_COMPILER_FLAGS=-mcpu=cortex-a9 -mfpu=vfpv3 -mfloat-abi=hard -nostartfiles -g -Wall -Wextra"
"Running Make include in ps7_cortexa9_0/libsrc/ddrps_v1_0/src"
D:/Vivado2018/SDK/2018.3/gnuwin/bin/make -C ps7_cortexa9_0/libsrc/ddrps_v1_0/src -s include  "SHELL=CMD" "COMPILER=arm-none-eabi-gcc" "ARCHIVER=arm-none-eabi-ar" "COMPILER_FLAGS=  -O2 -c" "EXTRA_COMPILER_FLAGS=-mcpu=cortex-a9 -mfpu=vfpv3 -mfloat-abi=hard -nostartfiles -g -Wall -Wextra"
"Running Make include in ps7_cortexa9_0/libsrc/devcfg_v3_5/src"
D:/Vivado2018/SDK/2018.3/gnuwin/bin/make -C ps7_cortexa9_0/libsrc/devcfg_v3_5/src -s include  "SHELL=CMD" "COMPILER=arm-none-eabi-gcc" "ARCHIVER=arm-none-eabi-ar" "COMPILER_FLAGS=  -O2 -c" "EXTRA_COMPILER_FLAGS=-mcpu=cortex-a9 -mfpu=vfpv3 -mfloat-abi=hard -nostartfiles -g -Wall -Wextra"
"Running Make include in ps7_cortexa9_0/libsrc/dmaps_v2_4/src"
D:/Vivado2018/SDK/2018.3/gnuwin/bin/make -C ps7_cortexa9_0/libsrc/dmaps_v2_4/src -s include  "SHELL=CMD" "COMPILER=arm-none-eabi-gcc" "ARCHIVER=arm-none-eabi-ar" "COMPILER_FLAGS=  -O2 -c" "EXTRA_COMPILER_FLAGS=-mcpu=cortex-a9 -mfpu=vfpv3 -mfloat-abi=hard -nostartfiles -g -Wall -Wextra"
"Running Make include in ps7_cortexa9_0/libsrc/emacps_v3_8/src"
D:/Vivado2018/SDK/2018.3/gnuwin/bin/make -C ps7_cortexa9_0/libsrc/emacps_v3_8/src -s include  "SHELL=CMD" "COMPILER=arm-none-eabi-gcc" "ARCHIVER=arm-none-eabi-ar" "COMPILER_FLAGS=  -O2 -c" "EXTRA_COMPILER_FLAGS=-mcpu=cortex-a9 -mfpu=vfpv3 -mfloat-abi=hard -nostartfiles -g -Wall -Wextra"
"Running Make include in ps7_cortexa9_0/libsrc/gpiops_v3_4/src"
D:/Vivado2018/SDK/2018.3/gnuwin/bin/make -C ps7_cortexa9_0/libsrc/gpiops_v3_4/src -s include  "SHELL=CMD" "COMPILER=arm-none-eabi-gcc" "ARCHIVER=arm-none-eabi-ar" "COMPILER_FLAGS=  -O2 -c" "EXTRA_COMPILER_FLAGS=-mcpu=cortex-a9 -mfpu=vfpv3 -mfloat-abi=hard -nostartfiles -g -Wall -Wextra"
"Running Make include in ps7_cortexa9_0/libsrc/iicps_v3_8/src"
D:/Vivado2018/SDK/2018.3/gnuwin/bin/make -C ps7_cortexa9_0/libsrc/iicps_v3_8/src -s include  "SHELL=CMD" "COMPILER=arm-none-eabi-gcc" "ARCHIVER=arm-none-eabi-ar" "COMPILER_FLAGS=  -O2 -c" "EXTRA_COMPILER_FLAGS=-mcpu=cortex-a9 -mfpu=vfpv3 -mfloat-abi=hard -nostartfiles -g -Wall -Wextra"
"Running Make include in ps7_cortexa9_0/libsrc/lwip202_v1_2/src"
D:/Vivado2018/SDK/2018.3/gnuwin/bin/make -C ps7_cortexa9_0/libsrc/lwip202_v1_2/src -s include  "SHELL=CMD" "COMPILER=arm-none-eabi-gcc" "ARCHIVER=arm-none-eabi-ar" "COMPILER_FLAGS=  -O2 -c" "EXTRA_COMPILER_FLAGS=-mcpu=cortex-a9 -mfpu=vfpv3 -mfloat-abi=hard -nostartfiles -g -Wall -Wextra"
"Running Make include in ps7_cortexa9_0/libsrc/qspips_v3_5/src"
D:/Vivado2018/SDK/2018.3/gnuwin/bin/make -C ps7_cortexa9_0/libsrc/qspips_v3_5/src -s include  "SHELL=CMD" "COMPILER=arm-none-eabi-gcc" "ARCHIVER=arm-none-eabi-ar" "COMPILER_FLAGS=  -O2 -c" "EXTRA_COMPILER_FLAGS=-mcpu=cortex-a9 -mfpu=vfpv3 -mfloat-abi=hard -nostartfiles -g -Wall -Wextra"
"Running Make include in ps7_cortexa9_0/libsrc/scugic_v3_10/src"
D:/Vivado2018/SDK/2018.3/gnuwin/bin/make -C ps7_cortexa9_0/libsrc/scugic_v3_10/src -s include  "SHELL=CMD" "COMPILER=arm-none-eabi-gcc" "ARCHIVER=arm-none-eabi-ar" "COMPILER_FLAGS=  -O2 -c" "EXTRA_COMPILER_FLAGS=-mcpu=cortex-a9 -mfpu=vfpv3 -mfloat-abi=hard -nostartfiles -g -Wall -Wextra"
"Running Make include in ps7_cortexa9_0/libsrc/scutimer_v2_1/src"
D:/Vivado2018/SDK/2018.3/gnuwin/bin/make -C ps7_cortexa9_0/libsrc/scutimer_v2_1/src -s include  "SHELL=CMD" "COMPILER=arm-none-eabi-gcc" "ARCHIVER=arm-none-eabi-ar" "COMPILER_FLAGS=  -O2 -c" "EXTRA_COMPILER_FLAGS=-mcpu=cortex-a9 -mfpu=vfpv3 -mfloat-abi=hard -nostartfiles -g -Wall -Wextra"
"Running Make include in ps7_cortexa9_0/libsrc/scuwdt_v2_1/src"
D:/Vivado2018/SDK/2018.3/gnuwin/bin/make -C ps7_cortexa9_0/libsrc/scuwdt_v2_1/src -s include  "SHELL=CMD" "COMPILER=arm-none-eabi-gcc" "ARCHIVER=arm-none-eabi-ar" "COMPILER_FLAGS=  -O2 -c" "EXTRA_COMPILER_FLAGS=-mcpu=cortex-a9 -mfpu=vfpv3 -mfloat-abi=hard -nostartfiles -g -Wall -Wextra"
"Running Make include in ps7_cortexa9_0/libsrc/sdps_v3_6/src"
D:/Vivado2018/SDK/2018.3/gnuwin/bin/make -C ps7_cortexa9_0/libsrc/sdps_v3_6/src -s include  "SHELL=CMD" "COMPILER=arm-none-eabi-gcc" "ARCHIVER=arm-none-eabi-ar" "COMPILER_FLAGS=  -O2 -c" "EXTRA_COMPILER_FLAGS=-mcpu=cortex-a9 -mfpu=vfpv3 -mfloat-abi=hard -nostartfiles -g -Wall -Wextra"
"Running Make include in ps7_cortexa9_0/libsrc/standalone_v6_8/src"
D:/Vivado2018/SDK/2018.3/gnuwin/bin/make -C ps7_cortexa9_0/libsrc/standalone_v6_8/src -s include  "SHELL=CMD" "COMPILER=arm-none-eabi-gcc" "ARCHIVER=arm-none-eabi-ar" "COMPILER_FLAGS=  -O2 -c" "EXTRA_COMPILER_FLAGS=-mcpu=cortex-a9 -mfpu=vfpv3 -mfloat-abi=hard -nostartfiles -g -Wall -Wextra"
"Running Make include in ps7_cortexa9_0/libsrc/uartps_v3_7/src"
D:/Vivado2018/SDK/2018.3/gnuwin/bin/make -C ps7_cortexa9_0/libsrc/uartps_v3_7/src -s include  "SHELL=CMD" "COMPILER=arm-none-eabi-gcc" "ARCHIVER=arm-none-eabi-ar" "COMPILER_FLAGS=  -O2 -c" "EXTRA_COMPILER_FLAGS=-mcpu=cortex-a9 -mfpu=vfpv3 -mfloat-abi=hard -nostartfiles -g -Wall -Wextra"
"Running Make include in ps7_cortexa9_0/libsrc/vtc_v8_0/src"
D:/Vivado2018/SDK/2018.3/gnuwin/bin/make -C ps7_cortexa9_0/libsrc/vtc_v8_0/src -s include  "SHELL=CMD" "COMPILER=arm-none-eabi-gcc" "ARCHIVER=arm-none-eabi-ar" "COMPILER_FLAGS=  -O2 -c" "EXTRA_COMPILER_FLAGS=-mcpu=cortex-a9 -mfpu=vfpv3 -mfloat-abi=hard -nostartfiles -g -Wall -Wextra"
"Running Make include in ps7_cortexa9_0/libsrc/xadcps_v2_3/src"
D:/Vivado2018/SDK/2018.3/gnuwin/bin/make -C ps7_cortexa9_0/libsrc/xadcps_v2_3/src -s include  "SHELL=CMD" "COMPILER=arm-none-eabi-gcc" "ARCHIVER=arm-none-eabi-ar" "COMPILER_FLAGS=  -O2 -c" "EXTRA_COMPILER_FLAGS=-mcpu=cortex-a9 -mfpu=vfpv3 -mfloat-abi=hard -nostartfiles -g -Wall -Wextra"
"Running Make include in ps7_cortexa9_0/libsrc/xilffs_v4_0/src"
D:/Vivado2018/SDK/2018.3/gnuwin/bin/make -C ps7_cortexa9_0/libsrc/xilffs_v4_0/src -s include  "SHELL=CMD" "COMPILER=arm-none-eabi-gcc" "ARCHIVER=arm-none-eabi-ar" "COMPILER_FLAGS=  -O2 -c" "EXTRA_COMPILER_FLAGS=-mcpu=cortex-a9 -mfpu=vfpv3 -mfloat-abi=hard -nostartfiles -g -Wall -Wextra"
"Running Make include in ps7_cortexa9_0/libsrc/xilrsa_v1_5/src"
D:/Vivado2018/SDK/2018.3/gnuwin/bin/make -C ps7_cortexa9_0/libsrc/xilrsa_v1_5/src -s include  "SHELL=CMD" "COMPILER=arm-none-eabi-gcc" "ARCHIVER=arm-none-eabi-ar" "COMPILER_FLAGS=  -O2 -c" "EXTRA_COMPILER_FLAGS=-mcpu=cortex-a9 -mfpu=vfpv3 -mfloat-abi=hard -nostartfiles -g -Wall -Wextra"
"Running Make libs in ps7_cortexa9_0/libsrc/axivdma_v6_6/src"
D:/Vivado2018/SDK/2018.3/gnuwin/bin/make -C ps7_cortexa9_0/libsrc/axivdma_v6_6/src -s libs  "SHELL=CMD" "COMPILER=arm-none-eabi-gcc" "ARCHIVER=arm-none-eabi-ar" "COMPILER_FLAGS=  -O2 -c" "EXTRA_COMPILER_FLAGS=-mcpu=cortex-a9 -mfpu=vfpv3 -mfloat-abi=hard -nostartfiles -g -Wall -Wextra"
"Compiling axivdma"
"Running Make libs in ps7_cortexa9_0/libsrc/coresightps_dcc_v1_4/src"
D:/Vivado2018/SDK/2018.3/gnuwin/bin/make -C ps7_cortexa9_0/libsrc/coresightps_dcc_v1_4/src -s libs  "SHELL=CMD" "COMPILER=arm-none-eabi-gcc" "ARCHIVER=arm-none-eabi-ar" "COMPILER_FLAGS=  -O2 -c" "EXTRA_COMPILER_FLAGS=-mcpu=cortex-a9 -mfpu=vfpv3 -mfloat-abi=hard -nostartfiles -g -Wall -Wextra"
"Compiling coresightps_dcc"
"Running Make libs in ps7_cortexa9_0/libsrc/cpu_cortexa9_v2_7/src"
D:/Vivado2018/SDK/2018.3/gnuwin/bin/make -C ps7_cortexa9_0/libsrc/cpu_cortexa9_v2_7/src -s libs  "SHELL=CMD" "COMPILER=arm-none-eabi-gcc" "ARCHIVER=arm-none-eabi-ar" "COMPILER_FLAGS=  -O2 -c" "EXTRA_COMPILER_FLAGS=-mcpu=cortex-a9 -mfpu=vfpv3 -mfloat-abi=hard -nostartfiles -g -Wall -Wextra"
"Compiling cpu_cortexa9"
"Running Make libs in ps7_cortexa9_0/libsrc/ddrps_v1_0/src"
D:/Vivado2018/SDK/2018.3/gnuwin/bin/make -C ps7_cortexa9_0/libsrc/ddrps_v1_0/src -s libs  "SHELL=CMD" "COMPILER=arm-none-eabi-gcc" "ARCHIVER=arm-none-eabi-ar" "COMPILER_FLAGS=  -O2 -c" "EXTRA_COMPILER_FLAGS=-mcpu=cortex-a9 -mfpu=vfpv3 -mfloat-abi=hard -nostartfiles -g -Wall -Wextra"
"Compiling ddrps"
"Running Make libs in ps7_cortexa9_0/libsrc/devcfg_v3_5/src"
D:/Vivado2018/SDK/2018.3/gnuwin/bin/make -C ps7_cortexa9_0/libsrc/devcfg_v3_5/src -s libs  "SHELL=CMD" "COMPILER=arm-none-eabi-gcc" "ARCHIVER=arm-none-eabi-ar" "COMPILER_FLAGS=  -O2 -c" "EXTRA_COMPILER_FLAGS=-mcpu=cortex-a9 -mfpu=vfpv3 -mfloat-abi=hard -nostartfiles -g -Wall -Wextra"
"Compiling devcfg"
"Running Make libs in ps7_cortexa9_0/libsrc/dmaps_v2_4/src"
D:/Vivado2018/SDK/2018.3/gnuwin/bin/make -C ps7_cortexa9_0/libsrc/dmaps_v2_4/src -s libs  "SHELL=CMD" "COMPILER=arm-none-eabi-gcc" "ARCHIVER=arm-none-eabi-ar" "COMPILER_FLAGS=  -O2 -c" "EXTRA_COMPILER_FLAGS=-mcpu=cortex-a9 -mfpu=vfpv3 -mfloat-abi=hard -nostartfiles -g -Wall -Wextra"
"Compiling dmaps"
"Running Make libs in ps7_cortexa9_0/libsrc/emacps_v3_8/src"
D:/Vivado2018/SDK/2018.3/gnuwin/bin/make -C ps7_cortexa9_0/libsrc/emacps_v3_8/src -s libs  "SHELL=CMD" "COMPILER=arm-none-eabi-gcc" "ARCHIVER=arm-none-eabi-ar" "COMPILER_FLAGS=  -O2 -c" "EXTRA_COMPILER_FLAGS=-mcpu=cortex-a9 -mfpu=vfpv3 -mfloat-abi=hard -nostartfiles -g -Wall -Wextra"
"Compiling emacps"
"Running Make libs in ps7_cortexa9_0/libsrc/gpiops_v3_4/src"
D:/Vivado2018/SDK/2018.3/gnuwin/bin/make -C ps7_cortexa9_0/libsrc/gpiops_v3_4/src -s libs  "SHELL=CMD" "COMPILER=arm-none-eabi-gcc" "ARCHIVER=arm-none-eabi-ar" "COMPILER_FLAGS=  -O2 -c" "EXTRA_COMPILER_FLAGS=-mcpu=cortex-a9 -mfpu=vfpv3 -mfloat-abi=hard -nostartfiles -g -Wall -Wextra"
"Compiling gpiops"
"Running Make libs in ps7_cortexa9_0/libsrc/iicps_v3_8/src"
D:/Vivado2018/SDK/2018.3/gnuwin/bin/make -C ps7_cortexa9_0/libsrc/iicps_v3_8/src -s libs  "SHELL=CMD" "COMPILER=arm-none-eabi-gcc" "ARCHIVER=arm-none-eabi-ar" "COMPILER_FLAGS=  -O2 -c" "EXTRA_COMPILER_FLAGS=-mcpu=cortex-a9 -mfpu=vfpv3 -mfloat-abi=hard -nostartfiles -g -Wall -Wextra"
"Compiling iicps"
"Running Make libs in ps7_cortexa9_0/libsrc/lwip202_v1_2/src"
D:/Vivado2018/SDK/2018.3/gnuwin/bin/make -C ps7_cortexa9_0/libsrc/lwip202_v1_2/src -s libs  "SHELL=CMD" "COMPILER=arm-none-eabi-gcc" "ARCHIVER=arm-none-eabi-ar" "COMPILER_FLAGS=  -O2 -c" "EXTRA_COMPILER_FLAGS=-mcpu=cortex-a9 -mfpu=vfpv3 -mfloat-abi=hard -nostartfiles -g -Wall -Wextra"
"Compiling lwip src and adapter files"
"Running Make libs in ps7_cortexa9_0/libsrc/qspips_v3_5/src"
D:/Vivado2018/SDK/2018.3/gnuwin/bin/make -C ps7_cortexa9_0/libsrc/qspips_v3_5/src -s libs  "SHELL=CMD" "COMPILER=arm-none-eabi-gcc" "ARCHIVER=arm-none-eabi-ar" "COMPILER_FLAGS=  -O2 -c" "EXTRA_COMPILER_FLAGS=-mcpu=cortex-a9 -mfpu=vfpv3 -mfloat-abi=hard -nostartfiles -g -Wall -Wextra"
"Compiling qspips"
"Running Make libs in ps7_cortexa9_0/libsrc/scugic_v3_10/src"
D:/Vivado2018/SDK/2018.3/gnuwin/bin/make -C ps7_cortexa9_0/libsrc/scugic_v3_10/src -s libs  "SHELL=CMD" "COMPILER=arm-none-eabi-gcc" "ARCHIVER=arm-none-eabi-ar" "COMPILER_FLAGS=  -O2 -c" "EXTRA_COMPILER_FLAGS=-mcpu=cortex-a9 -mfpu=vfpv3 -mfloat-abi=hard -nostartfiles -g -Wall -Wextra"
"Compiling scugic"
"Running Make libs in ps7_cortexa9_0/libsrc/scutimer_v2_1/src"
D:/Vivado2018/SDK/2018.3/gnuwin/bin/make -C ps7_cortexa9_0/libsrc/scutimer_v2_1/src -s libs  "SHELL=CMD" "COMPILER=arm-none-eabi-gcc" "ARCHIVER=arm-none-eabi-ar" "COMPILER_FLAGS=  -O2 -c" "EXTRA_COMPILER_FLAGS=-mcpu=cortex-a9 -mfpu=vfpv3 -mfloat-abi=hard -nostartfiles -g -Wall -Wextra"
"Compiling scutimer"
"Running Make libs in ps7_cortexa9_0/libsrc/scuwdt_v2_1/src"
D:/Vivado2018/SDK/2018.3/gnuwin/bin/make -C ps7_cortexa9_0/libsrc/scuwdt_v2_1/src -s libs  "SHELL=CMD" "COMPILER=arm-none-eabi-gcc" "ARCHIVER=arm-none-eabi-ar" "COMPILER_FLAGS=  -O2 -c" "EXTRA_COMPILER_FLAGS=-mcpu=cortex-a9 -mfpu=vfpv3 -mfloat-abi=hard -nostartfiles -g -Wall -Wextra"
"Compiling scuwdt"
"Running Make libs in ps7_cortexa9_0/libsrc/sdps_v3_6/src"
D:/Vivado2018/SDK/2018.3/gnuwin/bin/make -C ps7_cortexa9_0/libsrc/sdps_v3_6/src -s libs  "SHELL=CMD" "COMPILER=arm-none-eabi-gcc" "ARCHIVER=arm-none-eabi-ar" "COMPILER_FLAGS=  -O2 -c" "EXTRA_COMPILER_FLAGS=-mcpu=cortex-a9 -mfpu=vfpv3 -mfloat-abi=hard -nostartfiles -g -Wall -Wextra"
"Compiling sdps"
"Running Make libs in ps7_cortexa9_0/libsrc/standalone_v6_8/src"
D:/Vivado2018/SDK/2018.3/gnuwin/bin/make -C ps7_cortexa9_0/libsrc/standalone_v6_8/src -s libs  "SHELL=CMD" "COMPILER=arm-none-eabi-gcc" "ARCHIVER=arm-none-eabi-ar" "COMPILER_FLAGS=  -O2 -c" "EXTRA_COMPILER_FLAGS=-mcpu=cortex-a9 -mfpu=vfpv3 -mfloat-abi=hard -nostartfiles -g -Wall -Wextra"
"Compiling standalone"
In file included from usleep.c:56:0:
xtime_l.h:87:9: note: #pragma message: For the sleep routines, Global timer is being used
 #pragma message ("For the sleep routines, Global timer is being used")
         ^~~~~~~
In file included from sleep.c:53:0:
xtime_l.h:87:9: note: #pragma message: For the sleep routines, Global timer is being used
 #pragma message ("For the sleep routines, Global timer is being used")
         ^~~~~~~
In file included from xil_sleeptimer.c:51:0:
xtime_l.h:87:9: note: #pragma message: For the sleep routines, Global timer is being used
 #pragma message ("For the sleep routines, Global timer is being used")
         ^~~~~~~
In file included from xtime_l.c:49:0:
xtime_l.h:87:9: note: #pragma message: For the sleep routines, Global timer is being used
 #pragma message ("For the sleep routines, Global timer is being used")
         ^~~~~~~
"Running Make libs in ps7_cortexa9_0/libsrc/uartps_v3_7/src"
D:/Vivado2018/SDK/2018.3/gnuwin/bin/make -C ps7_cortexa9_0/libsrc/uartps_v3_7/src -s libs  "SHELL=CMD" "COMPILER=arm-none-eabi-gcc" "ARCHIVER=arm-none-eabi-ar" "COMPILER_FLAGS=  -O2 -c" "EXTRA_COMPILER_FLAGS=-mcpu=cortex-a9 -mfpu=vfpv3 -mfloat-abi=hard -nostartfiles -g -Wall -Wextra"
"Compiling uartps"
"Running Make libs in ps7_cortexa9_0/libsrc/vtc_v8_0/src"
D:/Vivado2018/SDK/2018.3/gnuwin/bin/make -C ps7_cortexa9_0/libsrc/vtc_v8_0/src -s libs  "SHELL=CMD" "COMPILER=arm-none-eabi-gcc" "ARCHIVER=arm-none-eabi-ar" "COMPILER_FLAGS=  -O2 -c" "EXTRA_COMPILER_FLAGS=-mcpu=cortex-a9 -mfpu=vfpv3 -mfloat-abi=hard -nostartfiles -g -Wall -Wextra"
"Compiling video timing controller"
"Running Make libs in ps7_cortexa9_0/libsrc/xadcps_v2_3/src"
D:/Vivado2018/SDK/2018.3/gnuwin/bin/make -C ps7_cortexa9_0/libsrc/xadcps_v2_3/src -s libs  "SHELL=CMD" "COMPILER=arm-none-eabi-gcc" "ARCHIVER=arm-none-eabi-ar" "COMPILER_FLAGS=  -O2 -c" "EXTRA_COMPILER_FLAGS=-mcpu=cortex-a9 -mfpu=vfpv3 -mfloat-abi=hard -nostartfiles -g -Wall -Wextra"
"Compiling xadcps"
"Running Make libs in ps7_cortexa9_0/libsrc/xilffs_v4_0/src"
D:/Vivado2018/SDK/2018.3/gnuwin/bin/make -C ps7_cortexa9_0/libsrc/xilffs_v4_0/src -s libs  "SHELL=CMD" "COMPILER=arm-none-eabi-gcc" "ARCHIVER=arm-none-eabi-ar" "COMPILER_FLAGS=  -O2 -c" "EXTRA_COMPILER_FLAGS=-mcpu=cortex-a9 -mfpu=vfpv3 -mfloat-abi=hard -nostartfiles -g -Wall -Wextra"
"Compiling XilFFs Library"
"Running Make libs in ps7_cortexa9_0/libsrc/xilrsa_v1_5/src"
D:/Vivado2018/SDK/2018.3/gnuwin/bin/make -C ps7_cortexa9_0/libsrc/xilrsa_v1_5/src -s libs  "SHELL=CMD" "COMPILER=arm-none-eabi-gcc" "ARCHIVER=arm-none-eabi-ar" "COMPILER_FLAGS=  -O2 -c" "EXTRA_COMPILER_FLAGS=-mcpu=cortex-a9 -mfpu=vfpv3 -mfloat-abi=hard -nostartfiles -g -Wall -Wextra"
'Finished building libraries'
12:42:58 **** Build of configuration Debug for project night_target_detect ****
make pre-build main-build 
a9-linaro-pre-build-step
 
Building file: ../src/COMMON.c
Invoking: ARM v7 gcc compiler
arm-none-eabi-gcc -Wall -O0 -g3 -I../../night_target_detect_bsp/ps7_cortexa9_0/include -I"D:\VivadoProject\OV5640_TFT_Back\OV5640_TFT\OV5640_TFT.sdk\night_target_detect\INC\LCD" -I"D:\VivadoProject\OV5640_TFT_Back\OV5640_TFT\OV5640_TFT.sdk\night_target_detect\INC\OV5640" -I"D:\VivadoProject\OV5640_TFT_Back\OV5640_TFT\OV5640_TFT.sdk\night_target_detect\INC\PCF8563" -I"D:\VivadoProject\OV5640_TFT_Back\OV5640_TFT\OV5640_TFT.sdk\night_target_detect\INC\PS_IIC" -I"D:\VivadoProject\OV5640_TFT_Back\OV5640_TFT\OV5640_TFT.sdk\night_target_detect\INC\SCU" -I"D:\VivadoProject\OV5640_TFT_Back\OV5640_TFT\OV5640_TFT.sdk\night_target_detect\INC\SII9022" -I"D:\VivadoProject\OV5640_TFT_Back\OV5640_TFT\OV5640_TFT.sdk\night_target_detect\src" -I"D:\VivadoProject\OV5640_TFT_Back\OV5640_TFT\OV5640_TFT.sdk\night_target_detect\INC\BMP_WR" -I"D:\VivadoProject\OV5640_TFT_Back\OV5640_TFT\OV5640_TFT.sdk\night_target_detect\INC\PS_GPIO" -c -fmessage-length=0 -MT"src/COMMON.o" -mcpu=cortex-a9 -mfpu=vfpv3 -mfloat-abi=hard -MMD -MP -MF"src/COMMON.d" -MT"src/COMMON.o" -o "src/COMMON.o" "../src/COMMON.c"
Finished building: ../src/COMMON.c
 
Building file: ../src/ISR.c
Invoking: ARM v7 gcc compiler
arm-none-eabi-gcc -Wall -O0 -g3 -I../../night_target_detect_bsp/ps7_cortexa9_0/include -I"D:\VivadoProject\OV5640_TFT_Back\OV5640_TFT\OV5640_TFT.sdk\night_target_detect\INC\LCD" -I"D:\VivadoProject\OV5640_TFT_Back\OV5640_TFT\OV5640_TFT.sdk\night_target_detect\INC\OV5640" -I"D:\VivadoProject\OV5640_TFT_Back\OV5640_TFT\OV5640_TFT.sdk\night_target_detect\INC\PCF8563" -I"D:\VivadoProject\OV5640_TFT_Back\OV5640_TFT\OV5640_TFT.sdk\night_target_detect\INC\PS_IIC" -I"D:\VivadoProject\OV5640_TFT_Back\OV5640_TFT\OV5640_TFT.sdk\night_target_detect\INC\SCU" -I"D:\VivadoProject\OV5640_TFT_Back\OV5640_TFT\OV5640_TFT.sdk\night_target_detect\INC\SII9022" -I"D:\VivadoProject\OV5640_TFT_Back\OV5640_TFT\OV5640_TFT.sdk\night_target_detect\src" -I"D:\VivadoProject\OV5640_TFT_Back\OV5640_TFT\OV5640_TFT.sdk\night_target_detect\INC\BMP_WR" -I"D:\VivadoProject\OV5640_TFT_Back\OV5640_TFT\OV5640_TFT.sdk\night_target_detect\INC\PS_GPIO" -c -fmessage-length=0 -MT"src/ISR.o" -mcpu=cortex-a9 -mfpu=vfpv3 -mfloat-abi=hard -MMD -MP -MF"src/ISR.d" -MT"src/ISR.o" -o "src/ISR.o" "../src/ISR.c"
Finished building: ../src/ISR.c
 
Building file: ../src/i2c_access.c
Invoking: ARM v7 gcc compiler
arm-none-eabi-gcc -Wall -O0 -g3 -I../../night_target_detect_bsp/ps7_cortexa9_0/include -I"D:\VivadoProject\OV5640_TFT_Back\OV5640_TFT\OV5640_TFT.sdk\night_target_detect\INC\LCD" -I"D:\VivadoProject\OV5640_TFT_Back\OV5640_TFT\OV5640_TFT.sdk\night_target_detect\INC\OV5640" -I"D:\VivadoProject\OV5640_TFT_Back\OV5640_TFT\OV5640_TFT.sdk\night_target_detect\INC\PCF8563" -I"D:\VivadoProject\OV5640_TFT_Back\OV5640_TFT\OV5640_TFT.sdk\night_target_detect\INC\PS_IIC" -I"D:\VivadoProject\OV5640_TFT_Back\OV5640_TFT\OV5640_TFT.sdk\night_target_detect\INC\SCU" -I"D:\VivadoProject\OV5640_TFT_Back\OV5640_TFT\OV5640_TFT.sdk\night_target_detect\INC\SII9022" -I"D:\VivadoProject\OV5640_TFT_Back\OV5640_TFT\OV5640_TFT.sdk\night_target_detect\src" -I"D:\VivadoProject\OV5640_TFT_Back\OV5640_TFT\OV5640_TFT.sdk\night_target_detect\INC\BMP_WR" -I"D:\VivadoProject\OV5640_TFT_Back\OV5640_TFT\OV5640_TFT.sdk\night_target_detect\INC\PS_GPIO" -c -fmessage-length=0 -MT"src/i2c_access.o" -mcpu=cortex-a9 -mfpu=vfpv3 -mfloat-abi=hard -MMD -MP -MF"src/i2c_access.d" -MT"src/i2c_access.o" -o "src/i2c_access.o" "../src/i2c_access.c"
Finished building: ../src/i2c_access.c
 
Building file: ../src/iic_phyreset.c
Invoking: ARM v7 gcc compiler
arm-none-eabi-gcc -Wall -O0 -g3 -I../../night_target_detect_bsp/ps7_cortexa9_0/include -I"D:\VivadoProject\OV5640_TFT_Back\OV5640_TFT\OV5640_TFT.sdk\night_target_detect\INC\LCD" -I"D:\VivadoProject\OV5640_TFT_Back\OV5640_TFT\OV5640_TFT.sdk\night_target_detect\INC\OV5640" -I"D:\VivadoProject\OV5640_TFT_Back\OV5640_TFT\OV5640_TFT.sdk\night_target_detect\INC\PCF8563" -I"D:\VivadoProject\OV5640_TFT_Back\OV5640_TFT\OV5640_TFT.sdk\night_target_detect\INC\PS_IIC" -I"D:\VivadoProject\OV5640_TFT_Back\OV5640_TFT\OV5640_TFT.sdk\night_target_detect\INC\SCU" -I"D:\VivadoProject\OV5640_TFT_Back\OV5640_TFT\OV5640_TFT.sdk\night_target_detect\INC\SII9022" -I"D:\VivadoProject\OV5640_TFT_Back\OV5640_TFT\OV5640_TFT.sdk\night_target_detect\src" -I"D:\VivadoProject\OV5640_TFT_Back\OV5640_TFT\OV5640_TFT.sdk\night_target_detect\INC\BMP_WR" -I"D:\VivadoProject\OV5640_TFT_Back\OV5640_TFT\OV5640_TFT.sdk\night_target_detect\INC\PS_GPIO" -c -fmessage-length=0 -MT"src/iic_phyreset.o" -mcpu=cortex-a9 -mfpu=vfpv3 -mfloat-abi=hard -MMD -MP -MF"src/iic_phyreset.d" -MT"src/iic_phyreset.o" -o "src/iic_phyreset.o" "../src/iic_phyreset.c"
Finished building: ../src/iic_phyreset.c
 
Building file: ../src/main.c
Invoking: ARM v7 gcc compiler
arm-none-eabi-gcc -Wall -O0 -g3 -I../../night_target_detect_bsp/ps7_cortexa9_0/include -I"D:\VivadoProject\OV5640_TFT_Back\OV5640_TFT\OV5640_TFT.sdk\night_target_detect\INC\LCD" -I"D:\VivadoProject\OV5640_TFT_Back\OV5640_TFT\OV5640_TFT.sdk\night_target_detect\INC\OV5640" -I"D:\VivadoProject\OV5640_TFT_Back\OV5640_TFT\OV5640_TFT.sdk\night_target_detect\INC\PCF8563" -I"D:\VivadoProject\OV5640_TFT_Back\OV5640_TFT\OV5640_TFT.sdk\night_target_detect\INC\PS_IIC" -I"D:\VivadoProject\OV5640_TFT_Back\OV5640_TFT\OV5640_TFT.sdk\night_target_detect\INC\SCU" -I"D:\VivadoProject\OV5640_TFT_Back\OV5640_TFT\OV5640_TFT.sdk\night_target_detect\INC\SII9022" -I"D:\VivadoProject\OV5640_TFT_Back\OV5640_TFT\OV5640_TFT.sdk\night_target_detect\src" -I"D:\VivadoProject\OV5640_TFT_Back\OV5640_TFT\OV5640_TFT.sdk\night_target_detect\INC\BMP_WR" -I"D:\VivadoProject\OV5640_TFT_Back\OV5640_TFT\OV5640_TFT.sdk\night_target_detect\INC\PS_GPIO" -c -fmessage-length=0 -MT"src/main.o" -mcpu=cortex-a9 -mfpu=vfpv3 -mfloat-abi=hard -MMD -MP -MF"src/main.d" -MT"src/main.o" -o "src/main.o" "../src/main.c"
../src/main.c: In function 'net_print':
../src/main.c:147:11: warning: 'return' with a value, in function returning void
    return -1;
           ^
../src/main.c:111:6: note: declared here
 void net_print()
      ^~~~~~~~~
../src/main.c: In function 'main':
../src/main.c:218:2: warning: implicit declaration of function 'SII9022_Init'; did you mean 'PS_IIC_Init'? [-Wimplicit-function-declaration]
  SII9022_Init();
  ^~~~~~~~~~~~
  PS_IIC_Init
../src/main.c:221:2: warning: implicit declaration of function 'PS_GPIO_Init'; did you mean 'PS_IIC_Init'? [-Wimplicit-function-declaration]
  PS_GPIO_Init();
  ^~~~~~~~~~~~
  PS_IIC_Init
../src/main.c:222:2: warning: implicit declaration of function 'PS_GPIO_SetMode' [-Wimplicit-function-declaration]
  PS_GPIO_SetMode(7,OUTPUT,1);
  ^~~~~~~~~~~~~~~
Finished building: ../src/main.c
 
Building file: ../src/platform_zynq.c
Invoking: ARM v7 gcc compiler
arm-none-eabi-gcc -Wall -O0 -g3 -I../../night_target_detect_bsp/ps7_cortexa9_0/include -I"D:\VivadoProject\OV5640_TFT_Back\OV5640_TFT\OV5640_TFT.sdk\night_target_detect\INC\LCD" -I"D:\VivadoProject\OV5640_TFT_Back\OV5640_TFT\OV5640_TFT.sdk\night_target_detect\INC\OV5640" -I"D:\VivadoProject\OV5640_TFT_Back\OV5640_TFT\OV5640_TFT.sdk\night_target_detect\INC\PCF8563" -I"D:\VivadoProject\OV5640_TFT_Back\OV5640_TFT\OV5640_TFT.sdk\night_target_detect\INC\PS_IIC" -I"D:\VivadoProject\OV5640_TFT_Back\OV5640_TFT\OV5640_TFT.sdk\night_target_detect\INC\SCU" -I"D:\VivadoProject\OV5640_TFT_Back\OV5640_TFT\OV5640_TFT.sdk\night_target_detect\INC\SII9022" -I"D:\VivadoProject\OV5640_TFT_Back\OV5640_TFT\OV5640_TFT.sdk\night_target_detect\src" -I"D:\VivadoProject\OV5640_TFT_Back\OV5640_TFT\OV5640_TFT.sdk\night_target_detect\INC\BMP_WR" -I"D:\VivadoProject\OV5640_TFT_Back\OV5640_TFT\OV5640_TFT.sdk\night_target_detect\INC\PS_GPIO" -c -fmessage-length=0 -MT"src/platform_zynq.o" -mcpu=cortex-a9 -mfpu=vfpv3 -mfloat-abi=hard -MMD -MP -MF"src/platform_zynq.d" -MT"src/platform_zynq.o" -o "src/platform_zynq.o" "../src/platform_zynq.c"
In file included from ../src/platform_zynq.c:60:0:
../../night_target_detect_bsp/ps7_cortexa9_0/include/xtime_l.h:87:9: note: #pragma message: For the sleep routines, Global timer is being used
 #pragma message ("For the sleep routines, Global timer is being used")
         ^~~~~~~
Finished building: ../src/platform_zynq.c
 
Building file: ../src/platform_zynqmp.c
Invoking: ARM v7 gcc compiler
arm-none-eabi-gcc -Wall -O0 -g3 -I../../night_target_detect_bsp/ps7_cortexa9_0/include -I"D:\VivadoProject\OV5640_TFT_Back\OV5640_TFT\OV5640_TFT.sdk\night_target_detect\INC\LCD" -I"D:\VivadoProject\OV5640_TFT_Back\OV5640_TFT\OV5640_TFT.sdk\night_target_detect\INC\OV5640" -I"D:\VivadoProject\OV5640_TFT_Back\OV5640_TFT\OV5640_TFT.sdk\night_target_detect\INC\PCF8563" -I"D:\VivadoProject\OV5640_TFT_Back\OV5640_TFT\OV5640_TFT.sdk\night_target_detect\INC\PS_IIC" -I"D:\VivadoProject\OV5640_TFT_Back\OV5640_TFT\OV5640_TFT.sdk\night_target_detect\INC\SCU" -I"D:\VivadoProject\OV5640_TFT_Back\OV5640_TFT\OV5640_TFT.sdk\night_target_detect\INC\SII9022" -I"D:\VivadoProject\OV5640_TFT_Back\OV5640_TFT\OV5640_TFT.sdk\night_target_detect\src" -I"D:\VivadoProject\OV5640_TFT_Back\OV5640_TFT\OV5640_TFT.sdk\night_target_detect\INC\BMP_WR" -I"D:\VivadoProject\OV5640_TFT_Back\OV5640_TFT\OV5640_TFT.sdk\night_target_detect\INC\PS_GPIO" -c -fmessage-length=0 -MT"src/platform_zynqmp.o" -mcpu=cortex-a9 -mfpu=vfpv3 -mfloat-abi=hard -MMD -MP -MF"src/platform_zynqmp.d" -MT"src/platform_zynqmp.o" -o "src/platform_zynqmp.o" "../src/platform_zynqmp.c"
Finished building: ../src/platform_zynqmp.c
 
Building file: ../src/sfp.c
Invoking: ARM v7 gcc compiler
arm-none-eabi-gcc -Wall -O0 -g3 -I../../night_target_detect_bsp/ps7_cortexa9_0/include -I"D:\VivadoProject\OV5640_TFT_Back\OV5640_TFT\OV5640_TFT.sdk\night_target_detect\INC\LCD" -I"D:\VivadoProject\OV5640_TFT_Back\OV5640_TFT\OV5640_TFT.sdk\night_target_detect\INC\OV5640" -I"D:\VivadoProject\OV5640_TFT_Back\OV5640_TFT\OV5640_TFT.sdk\night_target_detect\INC\PCF8563" -I"D:\VivadoProject\OV5640_TFT_Back\OV5640_TFT\OV5640_TFT.sdk\night_target_detect\INC\PS_IIC" -I"D:\VivadoProject\OV5640_TFT_Back\OV5640_TFT\OV5640_TFT.sdk\night_target_detect\INC\SCU" -I"D:\VivadoProject\OV5640_TFT_Back\OV5640_TFT\OV5640_TFT.sdk\night_target_detect\INC\SII9022" -I"D:\VivadoProject\OV5640_TFT_Back\OV5640_TFT\OV5640_TFT.sdk\night_target_detect\src" -I"D:\VivadoProject\OV5640_TFT_Back\OV5640_TFT\OV5640_TFT.sdk\night_target_detect\INC\BMP_WR" -I"D:\VivadoProject\OV5640_TFT_Back\OV5640_TFT\OV5640_TFT.sdk\night_target_detect\INC\PS_GPIO" -c -fmessage-length=0 -MT"src/sfp.o" -mcpu=cortex-a9 -mfpu=vfpv3 -mfloat-abi=hard -MMD -MP -MF"src/sfp.d" -MT"src/sfp.o" -o "src/sfp.o" "../src/sfp.c"
Finished building: ../src/sfp.c
 
Building file: ../src/si5324.c
Invoking: ARM v7 gcc compiler
arm-none-eabi-gcc -Wall -O0 -g3 -I../../night_target_detect_bsp/ps7_cortexa9_0/include -I"D:\VivadoProject\OV5640_TFT_Back\OV5640_TFT\OV5640_TFT.sdk\night_target_detect\INC\LCD" -I"D:\VivadoProject\OV5640_TFT_Back\OV5640_TFT\OV5640_TFT.sdk\night_target_detect\INC\OV5640" -I"D:\VivadoProject\OV5640_TFT_Back\OV5640_TFT\OV5640_TFT.sdk\night_target_detect\INC\PCF8563" -I"D:\VivadoProject\OV5640_TFT_Back\OV5640_TFT\OV5640_TFT.sdk\night_target_detect\INC\PS_IIC" -I"D:\VivadoProject\OV5640_TFT_Back\OV5640_TFT\OV5640_TFT.sdk\night_target_detect\INC\SCU" -I"D:\VivadoProject\OV5640_TFT_Back\OV5640_TFT\OV5640_TFT.sdk\night_target_detect\INC\SII9022" -I"D:\VivadoProject\OV5640_TFT_Back\OV5640_TFT\OV5640_TFT.sdk\night_target_detect\src" -I"D:\VivadoProject\OV5640_TFT_Back\OV5640_TFT\OV5640_TFT.sdk\night_target_detect\INC\BMP_WR" -I"D:\VivadoProject\OV5640_TFT_Back\OV5640_TFT\OV5640_TFT.sdk\night_target_detect\INC\PS_GPIO" -c -fmessage-length=0 -MT"src/si5324.o" -mcpu=cortex-a9 -mfpu=vfpv3 -mfloat-abi=hard -MMD -MP -MF"src/si5324.d" -MT"src/si5324.o" -o "src/si5324.o" "../src/si5324.c"
Finished building: ../src/si5324.c
 
Building file: ../src/udp_perf_client.c
Invoking: ARM v7 gcc compiler
arm-none-eabi-gcc -Wall -O0 -g3 -I../../night_target_detect_bsp/ps7_cortexa9_0/include -I"D:\VivadoProject\OV5640_TFT_Back\OV5640_TFT\OV5640_TFT.sdk\night_target_detect\INC\LCD" -I"D:\VivadoProject\OV5640_TFT_Back\OV5640_TFT\OV5640_TFT.sdk\night_target_detect\INC\OV5640" -I"D:\VivadoProject\OV5640_TFT_Back\OV5640_TFT\OV5640_TFT.sdk\night_target_detect\INC\PCF8563" -I"D:\VivadoProject\OV5640_TFT_Back\OV5640_TFT\OV5640_TFT.sdk\night_target_detect\INC\PS_IIC" -I"D:\VivadoProject\OV5640_TFT_Back\OV5640_TFT\OV5640_TFT.sdk\night_target_detect\INC\SCU" -I"D:\VivadoProject\OV5640_TFT_Back\OV5640_TFT\OV5640_TFT.sdk\night_target_detect\INC\SII9022" -I"D:\VivadoProject\OV5640_TFT_Back\OV5640_TFT\OV5640_TFT.sdk\night_target_detect\src" -I"D:\VivadoProject\OV5640_TFT_Back\OV5640_TFT\OV5640_TFT.sdk\night_target_detect\INC\BMP_WR" -I"D:\VivadoProject\OV5640_TFT_Back\OV5640_TFT\OV5640_TFT.sdk\night_target_detect\INC\PS_GPIO" -c -fmessage-length=0 -MT"src/udp_perf_client.o" -mcpu=cortex-a9 -mfpu=vfpv3 -mfloat-abi=hard -MMD -MP -MF"src/udp_perf_client.d" -MT"src/udp_perf_client.o" -o "src/udp_perf_client.o" "../src/udp_perf_client.c"
../src/udp_perf_client.c:157:16: warning: 'fram_num' defined but not used [-Wunused-variable]
 static uint8_t fram_num = 0;
                ^~~~~~~~
../src/udp_perf_client.c:39:13: warning: 'send_buf' defined but not used [-Wunused-variable]
 static char send_buf[UDP_SEND_BUFSIZE];
             ^~~~~~~~
Finished building: ../src/udp_perf_client.c
 
Building file: ../INC/SII9022/SII9022.c
Invoking: ARM v7 gcc compiler
arm-none-eabi-gcc -Wall -O0 -g3 -I../../night_target_detect_bsp/ps7_cortexa9_0/include -I"D:\VivadoProject\OV5640_TFT_Back\OV5640_TFT\OV5640_TFT.sdk\night_target_detect\INC\LCD" -I"D:\VivadoProject\OV5640_TFT_Back\OV5640_TFT\OV5640_TFT.sdk\night_target_detect\INC\OV5640" -I"D:\VivadoProject\OV5640_TFT_Back\OV5640_TFT\OV5640_TFT.sdk\night_target_detect\INC\PCF8563" -I"D:\VivadoProject\OV5640_TFT_Back\OV5640_TFT\OV5640_TFT.sdk\night_target_detect\INC\PS_IIC" -I"D:\VivadoProject\OV5640_TFT_Back\OV5640_TFT\OV5640_TFT.sdk\night_target_detect\INC\SCU" -I"D:\VivadoProject\OV5640_TFT_Back\OV5640_TFT\OV5640_TFT.sdk\night_target_detect\INC\SII9022" -I"D:\VivadoProject\OV5640_TFT_Back\OV5640_TFT\OV5640_TFT.sdk\night_target_detect\src" -I"D:\VivadoProject\OV5640_TFT_Back\OV5640_TFT\OV5640_TFT.sdk\night_target_detect\INC\BMP_WR" -I"D:\VivadoProject\OV5640_TFT_Back\OV5640_TFT\OV5640_TFT.sdk\night_target_detect\INC\PS_GPIO" -c -fmessage-length=0 -MT"INC/SII9022/SII9022.o" -mcpu=cortex-a9 -mfpu=vfpv3 -mfloat-abi=hard -MMD -MP -MF"INC/SII9022/SII9022.d" -MT"INC/SII9022/SII9022.o" -o "INC/SII9022/SII9022.o" "../INC/SII9022/SII9022.c"
Finished building: ../INC/SII9022/SII9022.c
 
Building file: ../INC/SCU/SCU_GIC.c
Invoking: ARM v7 gcc compiler
arm-none-eabi-gcc -Wall -O0 -g3 -I../../night_target_detect_bsp/ps7_cortexa9_0/include -I"D:\VivadoProject\OV5640_TFT_Back\OV5640_TFT\OV5640_TFT.sdk\night_target_detect\INC\LCD" -I"D:\VivadoProject\OV5640_TFT_Back\OV5640_TFT\OV5640_TFT.sdk\night_target_detect\INC\OV5640" -I"D:\VivadoProject\OV5640_TFT_Back\OV5640_TFT\OV5640_TFT.sdk\night_target_detect\INC\PCF8563" -I"D:\VivadoProject\OV5640_TFT_Back\OV5640_TFT\OV5640_TFT.sdk\night_target_detect\INC\PS_IIC" -I"D:\VivadoProject\OV5640_TFT_Back\OV5640_TFT\OV5640_TFT.sdk\night_target_detect\INC\SCU" -I"D:\VivadoProject\OV5640_TFT_Back\OV5640_TFT\OV5640_TFT.sdk\night_target_detect\INC\SII9022" -I"D:\VivadoProject\OV5640_TFT_Back\OV5640_TFT\OV5640_TFT.sdk\night_target_detect\src" -I"D:\VivadoProject\OV5640_TFT_Back\OV5640_TFT\OV5640_TFT.sdk\night_target_detect\INC\BMP_WR" -I"D:\VivadoProject\OV5640_TFT_Back\OV5640_TFT\OV5640_TFT.sdk\night_target_detect\INC\PS_GPIO" -c -fmessage-length=0 -MT"INC/SCU/SCU_GIC.o" -mcpu=cortex-a9 -mfpu=vfpv3 -mfloat-abi=hard -MMD -MP -MF"INC/SCU/SCU_GIC.d" -MT"INC/SCU/SCU_GIC.o" -o "INC/SCU/SCU_GIC.o" "../INC/SCU/SCU_GIC.c"
Finished building: ../INC/SCU/SCU_GIC.c
 
Building file: ../INC/SCU/SCU_TIMER.c
Invoking: ARM v7 gcc compiler
arm-none-eabi-gcc -Wall -O0 -g3 -I../../night_target_detect_bsp/ps7_cortexa9_0/include -I"D:\VivadoProject\OV5640_TFT_Back\OV5640_TFT\OV5640_TFT.sdk\night_target_detect\INC\LCD" -I"D:\VivadoProject\OV5640_TFT_Back\OV5640_TFT\OV5640_TFT.sdk\night_target_detect\INC\OV5640" -I"D:\VivadoProject\OV5640_TFT_Back\OV5640_TFT\OV5640_TFT.sdk\night_target_detect\INC\PCF8563" -I"D:\VivadoProject\OV5640_TFT_Back\OV5640_TFT\OV5640_TFT.sdk\night_target_detect\INC\PS_IIC" -I"D:\VivadoProject\OV5640_TFT_Back\OV5640_TFT\OV5640_TFT.sdk\night_target_detect\INC\SCU" -I"D:\VivadoProject\OV5640_TFT_Back\OV5640_TFT\OV5640_TFT.sdk\night_target_detect\INC\SII9022" -I"D:\VivadoProject\OV5640_TFT_Back\OV5640_TFT\OV5640_TFT.sdk\night_target_detect\src" -I"D:\VivadoProject\OV5640_TFT_Back\OV5640_TFT\OV5640_TFT.sdk\night_target_detect\INC\BMP_WR" -I"D:\VivadoProject\OV5640_TFT_Back\OV5640_TFT\OV5640_TFT.sdk\night_target_detect\INC\PS_GPIO" -c -fmessage-length=0 -MT"INC/SCU/SCU_TIMER.o" -mcpu=cortex-a9 -mfpu=vfpv3 -mfloat-abi=hard -MMD -MP -MF"INC/SCU/SCU_TIMER.d" -MT"INC/SCU/SCU_TIMER.o" -o "INC/SCU/SCU_TIMER.o" "../INC/SCU/SCU_TIMER.c"
Finished building: ../INC/SCU/SCU_TIMER.c
 
Building file: ../INC/PS_IIC/PS_IIC.c
Invoking: ARM v7 gcc compiler
arm-none-eabi-gcc -Wall -O0 -g3 -I../../night_target_detect_bsp/ps7_cortexa9_0/include -I"D:\VivadoProject\OV5640_TFT_Back\OV5640_TFT\OV5640_TFT.sdk\night_target_detect\INC\LCD" -I"D:\VivadoProject\OV5640_TFT_Back\OV5640_TFT\OV5640_TFT.sdk\night_target_detect\INC\OV5640" -I"D:\VivadoProject\OV5640_TFT_Back\OV5640_TFT\OV5640_TFT.sdk\night_target_detect\INC\PCF8563" -I"D:\VivadoProject\OV5640_TFT_Back\OV5640_TFT\OV5640_TFT.sdk\night_target_detect\INC\PS_IIC" -I"D:\VivadoProject\OV5640_TFT_Back\OV5640_TFT\OV5640_TFT.sdk\night_target_detect\INC\SCU" -I"D:\VivadoProject\OV5640_TFT_Back\OV5640_TFT\OV5640_TFT.sdk\night_target_detect\INC\SII9022" -I"D:\VivadoProject\OV5640_TFT_Back\OV5640_TFT\OV5640_TFT.sdk\night_target_detect\src" -I"D:\VivadoProject\OV5640_TFT_Back\OV5640_TFT\OV5640_TFT.sdk\night_target_detect\INC\BMP_WR" -I"D:\VivadoProject\OV5640_TFT_Back\OV5640_TFT\OV5640_TFT.sdk\night_target_detect\INC\PS_GPIO" -c -fmessage-length=0 -MT"INC/PS_IIC/PS_IIC.o" -mcpu=cortex-a9 -mfpu=vfpv3 -mfloat-abi=hard -MMD -MP -MF"INC/PS_IIC/PS_IIC.d" -MT"INC/PS_IIC/PS_IIC.o" -o "INC/PS_IIC/PS_IIC.o" "../INC/PS_IIC/PS_IIC.c"
Finished building: ../INC/PS_IIC/PS_IIC.c
 
Building file: ../INC/PS_GPIO/PS_GPIO/PS_GPIO.c
Invoking: ARM v7 gcc compiler
arm-none-eabi-gcc -Wall -O0 -g3 -I../../night_target_detect_bsp/ps7_cortexa9_0/include -I"D:\VivadoProject\OV5640_TFT_Back\OV5640_TFT\OV5640_TFT.sdk\night_target_detect\INC\LCD" -I"D:\VivadoProject\OV5640_TFT_Back\OV5640_TFT\OV5640_TFT.sdk\night_target_detect\INC\OV5640" -I"D:\VivadoProject\OV5640_TFT_Back\OV5640_TFT\OV5640_TFT.sdk\night_target_detect\INC\PCF8563" -I"D:\VivadoProject\OV5640_TFT_Back\OV5640_TFT\OV5640_TFT.sdk\night_target_detect\INC\PS_IIC" -I"D:\VivadoProject\OV5640_TFT_Back\OV5640_TFT\OV5640_TFT.sdk\night_target_detect\INC\SCU" -I"D:\VivadoProject\OV5640_TFT_Back\OV5640_TFT\OV5640_TFT.sdk\night_target_detect\INC\SII9022" -I"D:\VivadoProject\OV5640_TFT_Back\OV5640_TFT\OV5640_TFT.sdk\night_target_detect\src" -I"D:\VivadoProject\OV5640_TFT_Back\OV5640_TFT\OV5640_TFT.sdk\night_target_detect\INC\BMP_WR" -I"D:\VivadoProject\OV5640_TFT_Back\OV5640_TFT\OV5640_TFT.sdk\night_target_detect\INC\PS_GPIO" -c -fmessage-length=0 -MT"INC/PS_GPIO/PS_GPIO/PS_GPIO.o" -mcpu=cortex-a9 -mfpu=vfpv3 -mfloat-abi=hard -MMD -MP -MF"INC/PS_GPIO/PS_GPIO/PS_GPIO.d" -MT"INC/PS_GPIO/PS_GPIO/PS_GPIO.o" -o "INC/PS_GPIO/PS_GPIO/PS_GPIO.o" "../INC/PS_GPIO/PS_GPIO/PS_GPIO.c"
Finished building: ../INC/PS_GPIO/PS_GPIO/PS_GPIO.c
 
Building file: ../INC/PCF8563/PCF8563.c
Invoking: ARM v7 gcc compiler
arm-none-eabi-gcc -Wall -O0 -g3 -I../../night_target_detect_bsp/ps7_cortexa9_0/include -I"D:\VivadoProject\OV5640_TFT_Back\OV5640_TFT\OV5640_TFT.sdk\night_target_detect\INC\LCD" -I"D:\VivadoProject\OV5640_TFT_Back\OV5640_TFT\OV5640_TFT.sdk\night_target_detect\INC\OV5640" -I"D:\VivadoProject\OV5640_TFT_Back\OV5640_TFT\OV5640_TFT.sdk\night_target_detect\INC\PCF8563" -I"D:\VivadoProject\OV5640_TFT_Back\OV5640_TFT\OV5640_TFT.sdk\night_target_detect\INC\PS_IIC" -I"D:\VivadoProject\OV5640_TFT_Back\OV5640_TFT\OV5640_TFT.sdk\night_target_detect\INC\SCU" -I"D:\VivadoProject\OV5640_TFT_Back\OV5640_TFT\OV5640_TFT.sdk\night_target_detect\INC\SII9022" -I"D:\VivadoProject\OV5640_TFT_Back\OV5640_TFT\OV5640_TFT.sdk\night_target_detect\src" -I"D:\VivadoProject\OV5640_TFT_Back\OV5640_TFT\OV5640_TFT.sdk\night_target_detect\INC\BMP_WR" -I"D:\VivadoProject\OV5640_TFT_Back\OV5640_TFT\OV5640_TFT.sdk\night_target_detect\INC\PS_GPIO" -c -fmessage-length=0 -MT"INC/PCF8563/PCF8563.o" -mcpu=cortex-a9 -mfpu=vfpv3 -mfloat-abi=hard -MMD -MP -MF"INC/PCF8563/PCF8563.d" -MT"INC/PCF8563/PCF8563.o" -o "INC/PCF8563/PCF8563.o" "../INC/PCF8563/PCF8563.c"
../INC/PCF8563/PCF8563.c:41:16: warning: 'RTC_Bcd2ToBin' defined but not used [-Wunused-function]
 static uint8_t RTC_Bcd2ToBin(uint8_t BCDValue)
                ^~~~~~~~~~~~~
../INC/PCF8563/PCF8563.c:21:16: warning: 'RTC_BinToBcd2' defined but not used [-Wunused-function]
 static uint8_t RTC_BinToBcd2(uint8_t BINValue)
                ^~~~~~~~~~~~~
Finished building: ../INC/PCF8563/PCF8563.c
 
Building file: ../INC/OV5640/OV5640.c
Invoking: ARM v7 gcc compiler
arm-none-eabi-gcc -Wall -O0 -g3 -I../../night_target_detect_bsp/ps7_cortexa9_0/include -I"D:\VivadoProject\OV5640_TFT_Back\OV5640_TFT\OV5640_TFT.sdk\night_target_detect\INC\LCD" -I"D:\VivadoProject\OV5640_TFT_Back\OV5640_TFT\OV5640_TFT.sdk\night_target_detect\INC\OV5640" -I"D:\VivadoProject\OV5640_TFT_Back\OV5640_TFT\OV5640_TFT.sdk\night_target_detect\INC\PCF8563" -I"D:\VivadoProject\OV5640_TFT_Back\OV5640_TFT\OV5640_TFT.sdk\night_target_detect\INC\PS_IIC" -I"D:\VivadoProject\OV5640_TFT_Back\OV5640_TFT\OV5640_TFT.sdk\night_target_detect\INC\SCU" -I"D:\VivadoProject\OV5640_TFT_Back\OV5640_TFT\OV5640_TFT.sdk\night_target_detect\INC\SII9022" -I"D:\VivadoProject\OV5640_TFT_Back\OV5640_TFT\OV5640_TFT.sdk\night_target_detect\src" -I"D:\VivadoProject\OV5640_TFT_Back\OV5640_TFT\OV5640_TFT.sdk\night_target_detect\INC\BMP_WR" -I"D:\VivadoProject\OV5640_TFT_Back\OV5640_TFT\OV5640_TFT.sdk\night_target_detect\INC\PS_GPIO" -c -fmessage-length=0 -MT"INC/OV5640/OV5640.o" -mcpu=cortex-a9 -mfpu=vfpv3 -mfloat-abi=hard -MMD -MP -MF"INC/OV5640/OV5640.d" -MT"INC/OV5640/OV5640.o" -o "INC/OV5640/OV5640.o" "../INC/OV5640/OV5640.c"
Finished building: ../INC/OV5640/OV5640.c
 
Building file: ../INC/LCD/PageDesign.c
Invoking: ARM v7 gcc compiler
arm-none-eabi-gcc -Wall -O0 -g3 -I../../night_target_detect_bsp/ps7_cortexa9_0/include -I"D:\VivadoProject\OV5640_TFT_Back\OV5640_TFT\OV5640_TFT.sdk\night_target_detect\INC\LCD" -I"D:\VivadoProject\OV5640_TFT_Back\OV5640_TFT\OV5640_TFT.sdk\night_target_detect\INC\OV5640" -I"D:\VivadoProject\OV5640_TFT_Back\OV5640_TFT\OV5640_TFT.sdk\night_target_detect\INC\PCF8563" -I"D:\VivadoProject\OV5640_TFT_Back\OV5640_TFT\OV5640_TFT.sdk\night_target_detect\INC\PS_IIC" -I"D:\VivadoProject\OV5640_TFT_Back\OV5640_TFT\OV5640_TFT.sdk\night_target_detect\INC\SCU" -I"D:\VivadoProject\OV5640_TFT_Back\OV5640_TFT\OV5640_TFT.sdk\night_target_detect\INC\SII9022" -I"D:\VivadoProject\OV5640_TFT_Back\OV5640_TFT\OV5640_TFT.sdk\night_target_detect\src" -I"D:\VivadoProject\OV5640_TFT_Back\OV5640_TFT\OV5640_TFT.sdk\night_target_detect\INC\BMP_WR" -I"D:\VivadoProject\OV5640_TFT_Back\OV5640_TFT\OV5640_TFT.sdk\night_target_detect\INC\PS_GPIO" -c -fmessage-length=0 -MT"INC/LCD/PageDesign.o" -mcpu=cortex-a9 -mfpu=vfpv3 -mfloat-abi=hard -MMD -MP -MF"INC/LCD/PageDesign.d" -MT"INC/LCD/PageDesign.o" -o "INC/LCD/PageDesign.o" "../INC/LCD/PageDesign.c"
Finished building: ../INC/LCD/PageDesign.c
 
Building file: ../INC/LCD/display_ctrl.c
Invoking: ARM v7 gcc compiler
arm-none-eabi-gcc -Wall -O0 -g3 -I../../night_target_detect_bsp/ps7_cortexa9_0/include -I"D:\VivadoProject\OV5640_TFT_Back\OV5640_TFT\OV5640_TFT.sdk\night_target_detect\INC\LCD" -I"D:\VivadoProject\OV5640_TFT_Back\OV5640_TFT\OV5640_TFT.sdk\night_target_detect\INC\OV5640" -I"D:\VivadoProject\OV5640_TFT_Back\OV5640_TFT\OV5640_TFT.sdk\night_target_detect\INC\PCF8563" -I"D:\VivadoProject\OV5640_TFT_Back\OV5640_TFT\OV5640_TFT.sdk\night_target_detect\INC\PS_IIC" -I"D:\VivadoProject\OV5640_TFT_Back\OV5640_TFT\OV5640_TFT.sdk\night_target_detect\INC\SCU" -I"D:\VivadoProject\OV5640_TFT_Back\OV5640_TFT\OV5640_TFT.sdk\night_target_detect\INC\SII9022" -I"D:\VivadoProject\OV5640_TFT_Back\OV5640_TFT\OV5640_TFT.sdk\night_target_detect\src" -I"D:\VivadoProject\OV5640_TFT_Back\OV5640_TFT\OV5640_TFT.sdk\night_target_detect\INC\BMP_WR" -I"D:\VivadoProject\OV5640_TFT_Back\OV5640_TFT\OV5640_TFT.sdk\night_target_detect\INC\PS_GPIO" -c -fmessage-length=0 -MT"INC/LCD/display_ctrl.o" -mcpu=cortex-a9 -mfpu=vfpv3 -mfloat-abi=hard -MMD -MP -MF"INC/LCD/display_ctrl.d" -MT"INC/LCD/display_ctrl.o" -o "INC/LCD/display_ctrl.o" "../INC/LCD/display_ctrl.c"
Finished building: ../INC/LCD/display_ctrl.c
 
Building file: ../INC/LCD/dynclk.c
Invoking: ARM v7 gcc compiler
arm-none-eabi-gcc -Wall -O0 -g3 -I../../night_target_detect_bsp/ps7_cortexa9_0/include -I"D:\VivadoProject\OV5640_TFT_Back\OV5640_TFT\OV5640_TFT.sdk\night_target_detect\INC\LCD" -I"D:\VivadoProject\OV5640_TFT_Back\OV5640_TFT\OV5640_TFT.sdk\night_target_detect\INC\OV5640" -I"D:\VivadoProject\OV5640_TFT_Back\OV5640_TFT\OV5640_TFT.sdk\night_target_detect\INC\PCF8563" -I"D:\VivadoProject\OV5640_TFT_Back\OV5640_TFT\OV5640_TFT.sdk\night_target_detect\INC\PS_IIC" -I"D:\VivadoProject\OV5640_TFT_Back\OV5640_TFT\OV5640_TFT.sdk\night_target_detect\INC\SCU" -I"D:\VivadoProject\OV5640_TFT_Back\OV5640_TFT\OV5640_TFT.sdk\night_target_detect\INC\SII9022" -I"D:\VivadoProject\OV5640_TFT_Back\OV5640_TFT\OV5640_TFT.sdk\night_target_detect\src" -I"D:\VivadoProject\OV5640_TFT_Back\OV5640_TFT\OV5640_TFT.sdk\night_target_detect\INC\BMP_WR" -I"D:\VivadoProject\OV5640_TFT_Back\OV5640_TFT\OV5640_TFT.sdk\night_target_detect\INC\PS_GPIO" -c -fmessage-length=0 -MT"INC/LCD/dynclk.o" -mcpu=cortex-a9 -mfpu=vfpv3 -mfloat-abi=hard -MMD -MP -MF"INC/LCD/dynclk.d" -MT"INC/LCD/dynclk.o" -o "INC/LCD/dynclk.o" "../INC/LCD/dynclk.c"
Finished building: ../INC/LCD/dynclk.c
 
Building file: ../INC/LCD/lcd.c
Invoking: ARM v7 gcc compiler
arm-none-eabi-gcc -Wall -O0 -g3 -I../../night_target_detect_bsp/ps7_cortexa9_0/include -I"D:\VivadoProject\OV5640_TFT_Back\OV5640_TFT\OV5640_TFT.sdk\night_target_detect\INC\LCD" -I"D:\VivadoProject\OV5640_TFT_Back\OV5640_TFT\OV5640_TFT.sdk\night_target_detect\INC\OV5640" -I"D:\VivadoProject\OV5640_TFT_Back\OV5640_TFT\OV5640_TFT.sdk\night_target_detect\INC\PCF8563" -I"D:\VivadoProject\OV5640_TFT_Back\OV5640_TFT\OV5640_TFT.sdk\night_target_detect\INC\PS_IIC" -I"D:\VivadoProject\OV5640_TFT_Back\OV5640_TFT\OV5640_TFT.sdk\night_target_detect\INC\SCU" -I"D:\VivadoProject\OV5640_TFT_Back\OV5640_TFT\OV5640_TFT.sdk\night_target_detect\INC\SII9022" -I"D:\VivadoProject\OV5640_TFT_Back\OV5640_TFT\OV5640_TFT.sdk\night_target_detect\src" -I"D:\VivadoProject\OV5640_TFT_Back\OV5640_TFT\OV5640_TFT.sdk\night_target_detect\INC\BMP_WR" -I"D:\VivadoProject\OV5640_TFT_Back\OV5640_TFT\OV5640_TFT.sdk\night_target_detect\INC\PS_GPIO" -c -fmessage-length=0 -MT"INC/LCD/lcd.o" -mcpu=cortex-a9 -mfpu=vfpv3 -mfloat-abi=hard -MMD -MP -MF"INC/LCD/lcd.d" -MT"INC/LCD/lcd.o" -o "INC/LCD/lcd.o" "../INC/LCD/lcd.c"
Finished building: ../INC/LCD/lcd.c
 
Building file: ../INC/LCD/vdma_api.c
Invoking: ARM v7 gcc compiler
arm-none-eabi-gcc -Wall -O0 -g3 -I../../night_target_detect_bsp/ps7_cortexa9_0/include -I"D:\VivadoProject\OV5640_TFT_Back\OV5640_TFT\OV5640_TFT.sdk\night_target_detect\INC\LCD" -I"D:\VivadoProject\OV5640_TFT_Back\OV5640_TFT\OV5640_TFT.sdk\night_target_detect\INC\OV5640" -I"D:\VivadoProject\OV5640_TFT_Back\OV5640_TFT\OV5640_TFT.sdk\night_target_detect\INC\PCF8563" -I"D:\VivadoProject\OV5640_TFT_Back\OV5640_TFT\OV5640_TFT.sdk\night_target_detect\INC\PS_IIC" -I"D:\VivadoProject\OV5640_TFT_Back\OV5640_TFT\OV5640_TFT.sdk\night_target_detect\INC\SCU" -I"D:\VivadoProject\OV5640_TFT_Back\OV5640_TFT\OV5640_TFT.sdk\night_target_detect\INC\SII9022" -I"D:\VivadoProject\OV5640_TFT_Back\OV5640_TFT\OV5640_TFT.sdk\night_target_detect\src" -I"D:\VivadoProject\OV5640_TFT_Back\OV5640_TFT\OV5640_TFT.sdk\night_target_detect\INC\BMP_WR" -I"D:\VivadoProject\OV5640_TFT_Back\OV5640_TFT\OV5640_TFT.sdk\night_target_detect\INC\PS_GPIO" -c -fmessage-length=0 -MT"INC/LCD/vdma_api.o" -mcpu=cortex-a9 -mfpu=vfpv3 -mfloat-abi=hard -MMD -MP -MF"INC/LCD/vdma_api.d" -MT"INC/LCD/vdma_api.o" -o "INC/LCD/vdma_api.o" "../INC/LCD/vdma_api.c"
Finished building: ../INC/LCD/vdma_api.c
 
Building file: ../INC/BMP_WR/BMP_WR.c
Invoking: ARM v7 gcc compiler
arm-none-eabi-gcc -Wall -O0 -g3 -I../../night_target_detect_bsp/ps7_cortexa9_0/include -I"D:\VivadoProject\OV5640_TFT_Back\OV5640_TFT\OV5640_TFT.sdk\night_target_detect\INC\LCD" -I"D:\VivadoProject\OV5640_TFT_Back\OV5640_TFT\OV5640_TFT.sdk\night_target_detect\INC\OV5640" -I"D:\VivadoProject\OV5640_TFT_Back\OV5640_TFT\OV5640_TFT.sdk\night_target_detect\INC\PCF8563" -I"D:\VivadoProject\OV5640_TFT_Back\OV5640_TFT\OV5640_TFT.sdk\night_target_detect\INC\PS_IIC" -I"D:\VivadoProject\OV5640_TFT_Back\OV5640_TFT\OV5640_TFT.sdk\night_target_detect\INC\SCU" -I"D:\VivadoProject\OV5640_TFT_Back\OV5640_TFT\OV5640_TFT.sdk\night_target_detect\INC\SII9022" -I"D:\VivadoProject\OV5640_TFT_Back\OV5640_TFT\OV5640_TFT.sdk\night_target_detect\src" -I"D:\VivadoProject\OV5640_TFT_Back\OV5640_TFT\OV5640_TFT.sdk\night_target_detect\INC\BMP_WR" -I"D:\VivadoProject\OV5640_TFT_Back\OV5640_TFT\OV5640_TFT.sdk\night_target_detect\INC\PS_GPIO" -c -fmessage-length=0 -MT"INC/BMP_WR/BMP_WR.o" -mcpu=cortex-a9 -mfpu=vfpv3 -mfloat-abi=hard -MMD -MP -MF"INC/BMP_WR/BMP_WR.d" -MT"INC/BMP_WR/BMP_WR.o" -o "INC/BMP_WR/BMP_WR.o" "../INC/BMP_WR/BMP_WR.c"
Finished building: ../INC/BMP_WR/BMP_WR.c
 
Building file: ../INC/BMP_WR/sd_write.c
Invoking: ARM v7 gcc compiler
arm-none-eabi-gcc -Wall -O0 -g3 -I../../night_target_detect_bsp/ps7_cortexa9_0/include -I"D:\VivadoProject\OV5640_TFT_Back\OV5640_TFT\OV5640_TFT.sdk\night_target_detect\INC\LCD" -I"D:\VivadoProject\OV5640_TFT_Back\OV5640_TFT\OV5640_TFT.sdk\night_target_detect\INC\OV5640" -I"D:\VivadoProject\OV5640_TFT_Back\OV5640_TFT\OV5640_TFT.sdk\night_target_detect\INC\PCF8563" -I"D:\VivadoProject\OV5640_TFT_Back\OV5640_TFT\OV5640_TFT.sdk\night_target_detect\INC\PS_IIC" -I"D:\VivadoProject\OV5640_TFT_Back\OV5640_TFT\OV5640_TFT.sdk\night_target_detect\INC\SCU" -I"D:\VivadoProject\OV5640_TFT_Back\OV5640_TFT\OV5640_TFT.sdk\night_target_detect\INC\SII9022" -I"D:\VivadoProject\OV5640_TFT_Back\OV5640_TFT\OV5640_TFT.sdk\night_target_detect\src" -I"D:\VivadoProject\OV5640_TFT_Back\OV5640_TFT\OV5640_TFT.sdk\night_target_detect\INC\BMP_WR" -I"D:\VivadoProject\OV5640_TFT_Back\OV5640_TFT\OV5640_TFT.sdk\night_target_detect\INC\PS_GPIO" -c -fmessage-length=0 -MT"INC/BMP_WR/sd_write.o" -mcpu=cortex-a9 -mfpu=vfpv3 -mfloat-abi=hard -MMD -MP -MF"INC/BMP_WR/sd_write.d" -MT"INC/BMP_WR/sd_write.o" -o "INC/BMP_WR/sd_write.o" "../INC/BMP_WR/sd_write.c"
../INC/BMP_WR/sd_write.c: In function 'sd_write':
../INC/BMP_WR/sd_write.c:24:7: warning: implicit declaration of function 'PS_GPIO_SetPort' [-Wimplicit-function-declaration]
       PS_GPIO_SetPort(7, light);
       ^~~~~~~~~~~~~~~
../INC/BMP_WR/sd_write.c:26:59: warning: '.bmp' directive writing 4 bytes into a region of size between 1 and 3 [-Wformat-overflow=]
       sprintf(Photo_Name,"%02x-%02x-%02x_%02x_%02x_%02x.bmp",nowtime.year,nowtime.mon,nowtime.day,nowtime.hour,nowtime.min,nowtime.sec);
                                                        ~~~^
../INC/BMP_WR/sd_write.c:26:7: note: 'sprintf' output between 22 and 24 bytes into a destination of size 20
       sprintf(Photo_Name,"%02x-%02x-%02x_%02x_%02x_%02x.bmp",nowtime.year,nowtime.mon,nowtime.day,nowtime.hour,nowtime.min,nowtime.sec);
       ^~~~~~~~~~~~~~~~~~~~~~~~~~~~~~~~~~~~~~~~~~~~~~~~~~~~~~~~~~~~~~~~~~~~~~~~~~~~~~~~~~~~~~~~~~~~~~~~~~~~~~~~~~~~~~~~~~~~~~~~~~~~~~~~~
Finished building: ../INC/BMP_WR/sd_write.c
 
Building target: night_target_detect.elf
Invoking: ARM v7 gcc linker
arm-none-eabi-gcc -mcpu=cortex-a9 -mfpu=vfpv3 -mfloat-abi=hard -Wl,-build-id=none -specs=Xilinx.spec -Wl,-T -Wl,../src/lscript.ld -L../../night_target_detect_bsp/ps7_cortexa9_0/lib -o "night_target_detect.elf"  ./src/COMMON.o ./src/ISR.o ./src/i2c_access.o ./src/iic_phyreset.o ./src/main.o ./src/platform.o ./src/platform_mb.o ./src/platform_zynq.o ./src/platform_zynqmp.o ./src/sfp.o ./src/si5324.o ./src/udp_perf_client.o  ./INC/SII9022/SII9022.o  ./INC/SCU/SCU_GIC.o ./INC/SCU/SCU_TIMER.o  ./INC/PS_IIC/PS_IIC.o  ./INC/PS_GPIO/PS_GPIO/PS_GPIO.o  ./INC/PCF8563/PCF8563.o  ./INC/OV5640/OV5640.o  ./INC/LCD/PageDesign.o ./INC/LCD/display_ctrl.o ./INC/LCD/dynclk.o ./INC/LCD/lcd.o ./INC/LCD/vdma_api.o  ./INC/BMP_WR/BMP_WR.o ./INC/BMP_WR/sd_write.o   -Wl,--start-group,-lxil,-lgcc,-lc,--end-group -Wl,--start-group,-lxil,-llwip4,-lgcc,-lc,--end-group -Wl,--start-group,-lxilffs,-lxil,-lgcc,-lc,--end-group -Wl,--start-group,-lrsa,-lxil,-lgcc,-lc,--end-group
Finished building target: night_target_detect.elf
 
Invoking: ARM v7 Print Size
arm-none-eabi-size night_target_detect.elf  |tee "night_target_detect.elf.size"
   text	   data	    bss	    dec	    hex	filename
 335280	   3776	54647104	54986160	34705b0	night_target_detect.elf
Finished building: night_target_detect.elf.size
 
12:43:25 **** Clean-only build of configuration Debug for project fsbl2 ****
make clean 
rm -rf  ./src/helloworld.o ./src/platform.o  ./src/helloworld.d ./src/platform.d  fsbl2.elf.size  fsbl2.elf
 
12:43:26 **** Build of configuration Debug for project fsbl2 ****
make pre-build main-build 
a9-linaro-pre-build-step
 
Building file: ../src/helloworld.c
Invoking: ARM v7 gcc compiler
arm-none-eabi-gcc -Wall -O0 -g3 -c -fmessage-length=0 -MT"src/helloworld.o" -mcpu=cortex-a9 -mfpu=vfpv3 -mfloat-abi=hard -I../../night_target_detect_bsp/ps7_cortexa9_0/include -MMD -MP -MF"src/helloworld.d" -MT"src/helloworld.o" -o "src/helloworld.o" "../src/helloworld.c"
Finished building: ../src/helloworld.c
 
Building file: ../src/platform.c
Invoking: ARM v7 gcc compiler
arm-none-eabi-gcc -Wall -O0 -g3 -c -fmessage-length=0 -MT"src/platform.o" -mcpu=cortex-a9 -mfpu=vfpv3 -mfloat-abi=hard -I../../night_target_detect_bsp/ps7_cortexa9_0/include -MMD -MP -MF"src/platform.d" -MT"src/platform.o" -o "src/platform.o" "../src/platform.c"
Finished building: ../src/platform.c
 
Building target: fsbl2.elf
Invoking: ARM v7 gcc linker
arm-none-eabi-gcc -mcpu=cortex-a9 -mfpu=vfpv3 -mfloat-abi=hard -Wl,-build-id=none -specs=Xilinx.spec -Wl,-T -Wl,../src/lscript.ld -L../../night_target_detect_bsp/ps7_cortexa9_0/lib -o "fsbl2.elf"  ./src/helloworld.o ./src/platform.o   -Wl,--start-group,-lxil,-lgcc,-lc,--end-group -Wl,--start-group,-lxil,-llwip4,-lgcc,-lc,--end-group -Wl,--start-group,-lxilffs,-lxil,-lgcc,-lc,--end-group -Wl,--start-group,-lrsa,-lxil,-lgcc,-lc,--end-group
Finished building target: fsbl2.elf
 
Invoking: ARM v7 Print Size
arm-none-eabi-size fsbl2.elf  |tee "fsbl2.elf.size"
   text	   data	    bss	    dec	    hex	filename
  19352	   1144	  22568	  43064	   a838	fsbl2.elf
Finished building: fsbl2.elf.size
 
12:43:50 **** Incremental Build of configuration Debug for project night_target_detect ****
make pre-build main-build 
a9-linaro-pre-build-step
 
make: Nothing to be done for 'main-build'.
13:02:28 **** Incremental Build of configuration Debug for project night_target_detect ****
make pre-build main-build 
a9-linaro-pre-build-step
 
make: Nothing to be done for 'main-build'.
13:09:06 **** Auto Build of configuration Debug for project night_target_detect ****
make pre-build main-build 
a9-linaro-pre-build-step
 
Building file: ../INC/OV5640/OV5640.c
Invoking: ARM v7 gcc compiler
arm-none-eabi-gcc -Wall -O0 -g3 -I../../night_target_detect_bsp/ps7_cortexa9_0/include -I"D:\VivadoProject\OV5640_TFT_Back\OV5640_TFT\OV5640_TFT.sdk\night_target_detect\INC\LCD" -I"D:\VivadoProject\OV5640_TFT_Back\OV5640_TFT\OV5640_TFT.sdk\night_target_detect\INC\OV5640" -I"D:\VivadoProject\OV5640_TFT_Back\OV5640_TFT\OV5640_TFT.sdk\night_target_detect\INC\PCF8563" -I"D:\VivadoProject\OV5640_TFT_Back\OV5640_TFT\OV5640_TFT.sdk\night_target_detect\INC\PS_IIC" -I"D:\VivadoProject\OV5640_TFT_Back\OV5640_TFT\OV5640_TFT.sdk\night_target_detect\INC\SCU" -I"D:\VivadoProject\OV5640_TFT_Back\OV5640_TFT\OV5640_TFT.sdk\night_target_detect\INC\SII9022" -I"D:\VivadoProject\OV5640_TFT_Back\OV5640_TFT\OV5640_TFT.sdk\night_target_detect\src" -I"D:\VivadoProject\OV5640_TFT_Back\OV5640_TFT\OV5640_TFT.sdk\night_target_detect\INC\BMP_WR" -I"D:\VivadoProject\OV5640_TFT_Back\OV5640_TFT\OV5640_TFT.sdk\night_target_detect\INC\PS_GPIO" -c -fmessage-length=0 -MT"INC/OV5640/OV5640.o" -mcpu=cortex-a9 -mfpu=vfpv3 -mfloat-abi=hard -MMD -MP -MF"INC/OV5640/OV5640.d" -MT"INC/OV5640/OV5640.o" -o "INC/OV5640/OV5640.o" "../INC/OV5640/OV5640.c"
Finished building: ../INC/OV5640/OV5640.c
 
Building target: night_target_detect.elf
Invoking: ARM v7 gcc linker
arm-none-eabi-gcc -mcpu=cortex-a9 -mfpu=vfpv3 -mfloat-abi=hard -Wl,-build-id=none -specs=Xilinx.spec -Wl,-T -Wl,../src/lscript.ld -L../../night_target_detect_bsp/ps7_cortexa9_0/lib -o "night_target_detect.elf"  ./src/COMMON.o ./src/ISR.o ./src/i2c_access.o ./src/iic_phyreset.o ./src/main.o ./src/platform.o ./src/platform_mb.o ./src/platform_zynq.o ./src/platform_zynqmp.o ./src/sfp.o ./src/si5324.o ./src/udp_perf_client.o  ./INC/SII9022/SII9022.o  ./INC/SCU/SCU_GIC.o ./INC/SCU/SCU_TIMER.o  ./INC/PS_IIC/PS_IIC.o  ./INC/PS_GPIO/PS_GPIO/PS_GPIO.o  ./INC/PCF8563/PCF8563.o  ./INC/OV5640/OV5640.o  ./INC/LCD/PageDesign.o ./INC/LCD/display_ctrl.o ./INC/LCD/dynclk.o ./INC/LCD/lcd.o ./INC/LCD/vdma_api.o  ./INC/BMP_WR/BMP_WR.o ./INC/BMP_WR/sd_write.o   -Wl,--start-group,-lxil,-lgcc,-lc,--end-group -Wl,--start-group,-lxil,-llwip4,-lgcc,-lc,--end-group -Wl,--start-group,-lxilffs,-lxil,-lgcc,-lc,--end-group -Wl,--start-group,-lrsa,-lxil,-lgcc,-lc,--end-group
Finished building target: night_target_detect.elf
 
Invoking: ARM v7 Print Size
arm-none-eabi-size night_target_detect.elf  |tee "night_target_detect.elf.size"
   text	   data	    bss	    dec	    hex	filename
 335088	   3776	54647104	54985968	34704f0	night_target_detect.elf
Finished building: night_target_detect.elf.size
 
13:09:10 **** Incremental Build of configuration Debug for project night_target_detect ****
make pre-build main-build 
a9-linaro-pre-build-step
 
make: Nothing to be done for 'main-build'.
13:09:13 **** Incremental Build of configuration Debug for project fsbl2 ****
make pre-build main-build 
a9-linaro-pre-build-step
 
make: Nothing to be done for 'main-build'.
13:09:20 **** Incremental Build of configuration Debug for project night_target_detect ****
make pre-build main-build 
a9-linaro-pre-build-step
 
make: Nothing to be done for 'main-build'.
13:09:47 **** Incremental Build of configuration Debug for project night_target_detect ****
make pre-build main-build 
a9-linaro-pre-build-step
 
make: Nothing to be done for 'main-build'.
13:44:36 **** Incremental Build of configuration Debug for project night_target_detect ****
make pre-build main-build 
a9-linaro-pre-build-step
 
make: Nothing to be done for 'main-build'.
14:16:17 **** Incremental Build of configuration Debug for project night_target_detect ****
make pre-build main-build 
a9-linaro-pre-build-step
 
make: Nothing to be done for 'main-build'.
14:16:53 **** Incremental Build of configuration Debug for project night_target_detect ****
make pre-build main-build 
a9-linaro-pre-build-step
 
make: Nothing to be done for 'main-build'.
15:19:57 **** Incremental Build of configuration Debug for project night_target_detect ****
make pre-build main-build 
a9-linaro-pre-build-step
 
make: Nothing to be done for 'main-build'.
15:36:01 **** Incremental Build of configuration Debug for project night_target_detect ****
make pre-build main-build 
a9-linaro-pre-build-step
 
make: Nothing to be done for 'main-build'.
16:00:15 **** Incremental Build of configuration Debug for project night_target_detect ****
make pre-build main-build 
a9-linaro-pre-build-step
 
make: Nothing to be done for 'main-build'.
16:00:50 **** Incremental Build of configuration Debug for project night_target_detect ****
make pre-build main-build 
a9-linaro-pre-build-step
 
make: Nothing to be done for 'main-build'.
